-----------------------
HEAP HEADERS DUMP
-----------------------
[FENCEPOST]
  address:   0
  size:      0
  prev_size: 0
-----------------------
[ALLOCATED]
  address:   16
  size:      40
  prev_size: 0
-----------------------
[UNALLOCATED]
  address:   72
  size:      3992
  prev_size: 40
  prev:   NULL
  next:   NULL
-----------------------
[FENCEPOST]
  address:   4080
  size:      0
  prev_size: 3992
-----------------------
-----------------------
FREE LIST HEADERS DUMP
-----------------------
[UNALLOCATED]
  address:   72
  size:      3992
  prev_size: 40
  prev:   NULL
  next:   NULL
-----------------------
-----------------------
HEAP HEADERS DUMP
-----------------------
[FENCEPOST]
  address:   0
  size:      0
  prev_size: 0
-----------------------
[UNALLOCATED]
  address:   16
  size:      4048
  prev_size: 0
  prev:   NULL
  next:   NULL
-----------------------
[FENCEPOST]
  address:   4080
  size:      0
  prev_size: 4048
-----------------------
-----------------------
FREE LIST HEADERS DUMP
-----------------------
[UNALLOCATED]
  address:   16
  size:      4048
  prev_size: 0
  prev:   NULL
  next:   NULL
-----------------------
