
BEFORE REALLOC

-----------------------
HEAP HEADERS DUMP
-----------------------
[FENCEPOST]
  address:   0
  size:      0
  prev_size: 0
-----------------------
[ALLOCATED]
  address:   8
  size:      16
  prev_size: 0
-----------------------
[ALLOCATED]
  address:   32
  size:      16
  prev_size: 16
-----------------------
[ALLOCATED]
  address:   56
  size:      16
  prev_size: 16
-----------------------
[UNALLOCATED]
  address:   80
  size:      4000
  prev_size: 16
  prev:   NULL
  next:   NULL
-----------------------
[FENCEPOST]
  address:   4088
  size:      0
  prev_size: 4000
-----------------------
-----------------------
FREE LIST HEADERS DUMP
-----------------------
[UNALLOCATED]
  address:   80
  size:      4000
  prev_size: 16
  prev:   NULL
  next:   NULL
-----------------------

AFTER REALLOC

-----------------------
HEAP HEADERS DUMP
-----------------------
[FENCEPOST]
  address:   0
  size:      0
  prev_size: 0
-----------------------
[ALLOCATED]
  address:   8
  size:      16
  prev_size: 0
-----------------------
[UNALLOCATED]
  address:   32
  size:      16
  prev_size: 16
  prev:   NULL
  next:  152
-----------------------
[ALLOCATED]
  address:   56
  size:      16
  prev_size: 16
-----------------------
[ALLOCATED]
  address:   80
  size:      64
  prev_size: 16
-----------------------
[UNALLOCATED]
  address:   152
  size:      3928
  prev_size: 64
  prev:  32
  next:   NULL
-----------------------
[FENCEPOST]
  address:   4088
  size:      0
  prev_size: 3928
-----------------------
-----------------------
FREE LIST HEADERS DUMP
-----------------------
[UNALLOCATED]
  address:   32
  size:      16
  prev_size: 16
  prev:   NULL
  next:  152
-----------------------
[UNALLOCATED]
  address:   152
  size:      3928
  prev_size: 64
  prev:  32
  next:   NULL
-----------------------
