-----------------------
HEAP HEADERS DUMP
-----------------------
[FENCEPOST]
  address:   0
  size:      0
  prev_size: 0
-----------------------
[UNALLOCATED]
  address:   16
  size:      3200004048
  prev_size: 0
  prev:   NULL
  next:   NULL
-----------------------
[FENCEPOST]
  address:   3200004080
  size:      0
  prev_size: 3200004048
-----------------------
-----------------------
FREE LIST HEADERS DUMP
-----------------------
[UNALLOCATED]
  address:   16
  size:      3200004048
  prev_size: 0
  prev:   NULL
  next:   NULL
-----------------------
