-----------------------
HEAP HEADERS DUMP
-----------------------
[FENCEPOST]
  address:   0
  size:      0
  prev_size: 0
-----------------------
[ALLOCATED]
  address:   16
  size:      16
  prev_size: 0
-----------------------
[UNALLOCATED]
  address:   48
  size:      4016
  prev_size: 16
  prev:   NULL
  next:   NULL
-----------------------
[FENCEPOST]
  address:   4080
  size:      0
  prev_size: 4016
-----------------------
-----------------------
FREE LIST HEADERS DUMP
-----------------------
[UNALLOCATED]
  address:   48
  size:      4016
  prev_size: 16
  prev:   NULL
  next:   NULL
-----------------------
